09:16:14 **** Incremental Build of configuration Debug for project CapXung_Clock ****
make -j16 all 
arm-none-eabi-gcc -mcpu=cortex-m4 -g3 -c -x assembler-with-cpp -MMD -MP -MF"Startup/startup_stm32f401retx.d" -MT"Startup/startup_stm32f401retx.o" --specs=nano.specs -mfpu=fpv4-sp-d16 -mfloat-abi=hard -mthumb -o "Startup/startup_stm32f401retx.o" "../Startup/startup_stm32f401retx.s"
arm-none-eabi-gcc "../Src/bai2.c" -mcpu=cortex-m4 -std=gnu11 -g3 -DDEBUG -DNUCLEO_F401RE -DSTM32 -DSTM32F401RETx -DSTM32F4 -c -I../Inc -O0 -ffunction-sections -fdata-sections -Wall -fstack-usage -MMD -MP -MF"Src/bai2.d" -MT"Src/bai2.o" --specs=nano.specs -mfpu=fpv4-sp-d16 -mfloat-abi=hard -mthumb -o "Src/bai2.o"
arm-none-eabi-gcc "../Src/syscalls.c" -mcpu=cortex-m4 -std=gnu11 -g3 -DDEBUG -DNUCLEO_F401RE -DSTM32 -DSTM32F401RETx -DSTM32F4 -c -I../Inc -O0 -ffunction-sections -fdata-sections -Wall -fstack-usage -MMD -MP -MF"Src/syscalls.d" -MT"Src/syscalls.o" --specs=nano.specs -mfpu=fpv4-sp-d16 -mfloat-abi=hard -mthumb -o "Src/syscalls.o"
arm-none-eabi-gcc "../Src/sysmem.c" -mcpu=cortex-m4 -std=gnu11 -g3 -DDEBUG -DNUCLEO_F401RE -DSTM32 -DSTM32F401RETx -DSTM32F4 -c -I../Inc -O0 -ffunction-sections -fdata-sections -Wall -fstack-usage -MMD -MP -MF"Src/sysmem.d" -MT"Src/sysmem.o" --specs=nano.specs -mfpu=fpv4-sp-d16 -mfloat-abi=hard -mthumb -o "Src/sysmem.o"
arm-none-eabi-gcc -o "CapXung_Clock.elf" @"objects.list"   -mcpu=cortex-m4 -T"C:\Users\ThinkPad\STM32CubeIDE\workspace_1.6.0\CapXung_Clock\STM32F401RETX_FLASH.ld" --specs=nosys.specs -Wl,-Map="CapXung_Clock.map" -Wl,--gc-sections -static --specs=nano.specs -mfpu=fpv4-sp-d16 -mfloat-abi=hard -mthumb -Wl,--start-group -lc -lm -Wl,--end-group
Finished building target: CapXung_Clock.elf
 
arm-none-eabi-size   CapXung_Clock.elf 
arm-none-eabi-objdump -h -S  CapXung_Clock.elf  > "CapXung_Clock.list"
arm-none-eabi-objcopy  -O binary  CapXung_Clock.elf  "CapXung_Clock.bin"
   text	   data	    bss	    dec	    hex	filename
    820	      8	   1568	   2396	    95c	CapXung_Clock.elf
Finished building: default.size.stdout
 
Finished building: CapXung_Clock.bin
Finished building: CapXung_Clock.list
 
 

09:16:14 Build Finished. 0 errors, 0 warnings. (took 526ms)

