10:15:49 **** Incremental Build of configuration Debug for project ProjectDauTien ****
make -j16 all 
arm-none-eabi-size   ProjectDauTien.elf 
   text	   data	    bss	    dec	    hex	filename
  15772	     32	   6336	  22140	   567c	ProjectDauTien.elf
Finished building: default.size.stdout
 
10:16:05 **** Incremental Build of configuration Debug for project ProjectDauTien ****
make -j16 all 
arm-none-eabi-size   ProjectDauTien.elf 
   text	   data	    bss	    dec	    hex	filename
  15772	     32	   6336	  22140	   567c	ProjectDauTien.elf
Finished building: default.size.stdout
 
